npm warn Unknown project config "network-concurrency". This will stop working in the next major version of npm.
npm warn Unknown project config "child-concurrency". This will stop working in the next major version of npm.
npm warn Unknown project config "auto-install-peers". This will stop working in the next major version of npm.

> btinv@0.1.0 build
> next build

 ΓÜá The config property `experimental.turbo` is deprecated. Move this setting to `config.turbopack` as Turbopack is now stable.
   Γû▓ Next.js 15.4.1
   - Environments: .env.local
   - Experiments (use with caution):
     ┬╖ serverActions
     ┬╖ optimizePackageImports

   Creating an optimized production build ...
 Γ£ô Compiled successfully in 7.0s
   Linting and checking validity of types ...

./src/app/actions/purchases.ts
77:57  Warning: Unexpected any. Specify a different type.  @typescript-eslint/no-explicit-any
121:17  Warning: Unexpected any. Specify a different type.  @typescript-eslint/no-explicit-any
132:38  Warning: Unexpected any. Specify a different type.  @typescript-eslint/no-explicit-any
182:69  Warning: Unexpected any. Specify a different type.  @typescript-eslint/no-explicit-any
220:72  Warning: Unexpected any. Specify a different type.  @typescript-eslint/no-explicit-any
241:38  Warning: Unexpected any. Specify a different type.  @typescript-eslint/no-explicit-any
304:13  Warning: 'data' is assigned a value but never used. Allowed unused vars must match /^_/u.  @typescript-eslint/no-unused-vars

./src/app/actions/suppliers.ts
39:23  Warning: Unexpected any. Specify a different type.  @typescript-eslint/no-explicit-any

./src/app/actions/tracking-modes.ts
74:48  Warning: Unexpected any. Specify a different type.  @typescript-eslint/no-explicit-any
99:26  Warning: Unexpected any. Specify a different type.  @typescript-eslint/no-explicit-any
101:32  Warning: Unexpected any. Specify a different type.  @typescript-eslint/no-explicit-any

./src/app/playground/page-clean.tsx
106:21  Warning: 'variant' is defined but never used. Allowed unused args must match /^_/u.  @typescript-eslint/no-unused-vars
197:25  Warning: 'setSelectedCount' is assigned a value but never used. Allowed unused vars must match /^_/u.  @typescript-eslint/no-unused-vars
343:35  Warning: Unexpected any. Specify a different type.  @typescript-eslint/no-explicit-any

./src/app/playground/page.tsx
84:21  Warning: 'variant' is defined but never used. Allowed unused args must match /^_/u.  @typescript-eslint/no-unused-vars
175:25  Warning: 'setSelectedCount' is assigned a value but never used. Allowed unused vars must match /^_/u.  @typescript-eslint/no-unused-vars
312:35  Warning: Unexpected any. Specify a different type.  @typescript-eslint/no-explicit-any

./src/app/suppliers/debug-page.tsx
8:40  Warning: Unexpected any. Specify a different type.  @typescript-eslint/no-explicit-any

./src/app/test-data/page.tsx
12:48  Warning: Unexpected any. Specify a different type.  @typescript-eslint/no-explicit-any
13:53  Warning: Unexpected any. Specify a different type.  @typescript-eslint/no-explicit-any
14:50  Warning: Unexpected any. Specify a different type.  @typescript-eslint/no-explicit-any
15:56  Warning: Unexpected any. Specify a different type.  @typescript-eslint/no-explicit-any

./src/components/dashboard/recent-activity.tsx
101:38  Warning: Unexpected any. Specify a different type.  @typescript-eslint/no-explicit-any

./src/components/import-export/csv-import-modal.tsx
96:29  Warning: Unexpected any. Specify a different type.  @typescript-eslint/no-explicit-any
124:31  Warning: Unexpected any. Specify a different type.  @typescript-eslint/no-explicit-any
157:31  Warning: Unexpected any. Specify a different type.  @typescript-eslint/no-explicit-any

./src/components/items/items-table.tsx
27:65  Warning: Unexpected any. Specify a different type.  @typescript-eslint/no-explicit-any

./src/components/purchases/purchase-form.tsx
5:19  Warning: 'Trash2' is defined but never used. Allowed unused vars must match /^_/u.  @typescript-eslint/no-unused-vars

./src/components/purchases/purchase-master-detail.tsx
32:9  Warning: 'handleFormClose' is assigned a value but never used. Allowed unused vars must match /^_/u.  @typescript-eslint/no-unused-vars
37:9  Warning: 'handleFormSave' is assigned a value but never used. Allowed unused vars must match /^_/u.  @typescript-eslint/no-unused-vars

./src/components/purchases/purchases-placeholder.tsx
6:10  Warning: 'Plus' is defined but never used. Allowed unused vars must match /^_/u.  @typescript-eslint/no-unused-vars
9:10  Warning: 'isArchived' is assigned a value but never used. Allowed unused vars must match /^_/u.  @typescript-eslint/no-unused-vars

./src/components/suppliers/add-supplier-row.tsx
31:17  Warning: Unexpected any. Specify a different type.  @typescript-eslint/no-explicit-any
44:7  Warning: 'isSpreadsheetMode' is defined but never used. Allowed unused args must match /^_/u.  @typescript-eslint/no-unused-vars

./src/components/suppliers/editable-supplier-row.tsx
27:15  Warning: 'Supplier' is defined but never used. Allowed unused vars must match /^_/u.  @typescript-eslint/no-unused-vars
47:12  Warning: Unexpected any. Specify a different type.  @typescript-eslint/no-explicit-any
53:17  Warning: Unexpected any. Specify a different type.  @typescript-eslint/no-explicit-any
226:73  Warning: Unexpected any. Specify a different type.  @typescript-eslint/no-explicit-any
239:9  Warning: 'ButtonContainer' is assigned a value but never used. Allowed unused vars must match /^_/u.  @typescript-eslint/no-unused-vars

./src/components/suppliers/expandable-row-details.tsx
3:27  Warning: 'useRef' is defined but never used. Allowed unused vars must match /^_/u.  @typescript-eslint/no-unused-vars
14:44  Warning: Unexpected any. Specify a different type.  @typescript-eslint/no-explicit-any
16:17  Warning: Unexpected any. Specify a different type.  @typescript-eslint/no-explicit-any
22:3  Warning: 'onToggle' is defined but never used. Allowed unused args must match /^_/u.  @typescript-eslint/no-unused-vars
25:3  Warning: 'columnWidths' is defined but never used. Allowed unused args must match /^_/u.  @typescript-eslint/no-unused-vars

./src/components/suppliers/floating-controls.tsx
91:9  Warning: 'isMinimalMode' is assigned a value but never used. Allowed unused vars must match /^_/u.  @typescript-eslint/no-unused-vars

./src/components/suppliers/modern-data-table.tsx
76:9  Warning: 'deleteSupplierMutation' is assigned a value but never used. Allowed unused vars must match /^_/u.  @typescript-eslint/no-unused-vars
95:48  Warning: Unexpected any. Specify a different type.  @typescript-eslint/no-explicit-any
97:60  Warning: Unexpected any. Specify a different type.  @typescript-eslint/no-explicit-any
99:60  Warning: Unexpected any. Specify a different type.  @typescript-eslint/no-explicit-any
169:36  Warning: Unexpected any. Specify a different type.  @typescript-eslint/no-explicit-any
191:31  Warning: 'supplierId' is defined but never used. Allowed unused args must match /^_/u.  @typescript-eslint/no-unused-vars
304:6  Warning: React Hook useEffect has missing dependencies: 'data' and 'expandedRows'. Either include them or remove the dependency array.  react-hooks/exhaustive-deps
372:5  Warning: React Hook useMemo has missing dependencies: 'columnWidths.actions', 'columnWidths.name', 'columnWidths.phone', 'columnWidths.status', and 'columnWidths.website'. Either include them or remove the dependency array.  react-hooks/exhaustive-deps
458:11  Warning: 'currentCell' is assigned a value but never used. Allowed unused vars must match /^_/u.  @typescript-eslint/no-unused-vars
458:24  Warning: 'setCurrentCell' is assigned a value but never used. Allowed unused vars must match /^_/u.  @typescript-eslint/no-unused-vars
466:28  Warning: 'setFocusedRowIndex' is assigned a value but never used. Allowed unused vars must match /^_/u.  @typescript-eslint/no-unused-vars
636:53  Warning: 'index' is defined but never used. Allowed unused args must match /^_/u.  @typescript-eslint/no-unused-vars
637:27  Warning: 'isActionsColumn' is assigned a value but never used. Allowed unused vars must match /^_/u.  @typescript-eslint/no-unused-vars
855:83  Warning: Unexpected any. Specify a different type.  @typescript-eslint/no-explicit-any

./src/components/suppliers/purchase-history-modal.tsx
59:19  Warning: Unexpected any. Specify a different type.  @typescript-eslint/no-explicit-any
60:19  Warning: Unexpected any. Specify a different type.  @typescript-eslint/no-explicit-any

./src/components/suppliers/spreadsheet-cell.tsx
17:10  Warning: Unexpected any. Specify a different type.  @typescript-eslint/no-explicit-any
24:51  Warning: Unexpected any. Specify a different type.  @typescript-eslint/no-explicit-any
31:3  Warning: 'rowId' is defined but never used. Allowed unused args must match /^_/u.  @typescript-eslint/no-unused-vars
92:11  Warning: 'clickX' is assigned a value but never used. Allowed unused vars must match /^_/u.  @typescript-eslint/no-unused-vars

./src/components/suppliers/working-data-table.tsx
21:3  Warning: 'Loader2' is defined but never used. Allowed unused vars must match /^_/u.  @typescript-eslint/no-unused-vars
57:11  Warning: 'isMobile' is assigned a value but never used. Allowed unused vars must match /^_/u.  @typescript-eslint/no-unused-vars

./src/components/suppliers3/add-supplier-modal.tsx
4:16  Warning: 'X' is defined but never used. Allowed unused vars must match /^_/u.  @typescript-eslint/no-unused-vars

./src/components/suppliers3/clean-supplier-table.tsx
4:10  Warning: 'Plus' is defined but never used. Allowed unused vars must match /^_/u.  @typescript-eslint/no-unused-vars
19:25  Warning: 'ViewMode' is defined but never used. Allowed unused vars must match /^_/u.  @typescript-eslint/no-unused-vars

./src/components/suppliers3/editable-row.tsx
4:20  Warning: 'Save' is defined but never used. Allowed unused vars must match /^_/u.  @typescript-eslint/no-unused-vars

./src/components/suppliers3/hooks.ts
39:15  Warning: 'start' is assigned a value but never used. Allowed unused vars must match /^_/u.  @typescript-eslint/no-unused-vars
40:15  Warning: 'end' is assigned a value but never used. Allowed unused vars must match /^_/u.  @typescript-eslint/no-unused-vars

./src/components/suppliers3/supplier-row.tsx
22:3  Warning: 'mode' is defined but never used. Allowed unused args must match /^_/u.  @typescript-eslint/no-unused-vars

./src/components/ui/batch-actions-sheet.tsx
3:10  Warning: 'useState' is defined but never used. Allowed unused vars must match /^_/u.  @typescript-eslint/no-unused-vars
3:20  Warning: 'useEffect' is defined but never used. Allowed unused vars must match /^_/u.  @typescript-eslint/no-unused-vars

./src/components/ui/data-table.tsx
3:10  Warning: 'useState' is defined but never used. Allowed unused vars must match /^_/u.  @typescript-eslint/no-unused-vars
3:20  Warning: 'useCallback' is defined but never used. Allowed unused vars must match /^_/u.  @typescript-eslint/no-unused-vars
3:33  Warning: 'ReactNode' is defined but never used. Allowed unused vars must match /^_/u.  @typescript-eslint/no-unused-vars
4:10  Warning: 'Check' is defined but never used. Allowed unused vars must match /^_/u.  @typescript-eslint/no-unused-vars
4:17  Warning: 'X' is defined but never used. Allowed unused vars must match /^_/u.  @typescript-eslint/no-unused-vars
4:20  Warning: 'Edit3' is defined but never used. Allowed unused vars must match /^_/u.  @typescript-eslint/no-unused-vars
4:27  Warning: 'MoreHorizontal' is defined but never used. Allowed unused vars must match /^_/u.  @typescript-eslint/no-unused-vars

./src/hooks/use-dashboard.ts
272:55  Warning: Unexpected any. Specify a different type.  @typescript-eslint/no-explicit-any
287:61  Warning: Unexpected any. Specify a different type.  @typescript-eslint/no-explicit-any

./src/hooks/use-items.ts
14:6  Warning: 'ItemFromDB' is defined but never used. Allowed unused vars must match /^_/u.  @typescript-eslint/no-unused-vars
42:20  Warning: Unexpected any. Specify a different type.  @typescript-eslint/no-explicit-any

./src/hooks/use-purchases.ts
4:3  Warning: 'getDraftPurchases' is defined but never used. Allowed unused vars must match /^_/u.  @typescript-eslint/no-unused-vars
5:3  Warning: 'getAllPurchases' is defined but never used. Allowed unused vars must match /^_/u.  @typescript-eslint/no-unused-vars
14:20  Warning: 'PurchaseLineItem' is defined but never used. Allowed unused vars must match /^_/u.  @typescript-eslint/no-unused-vars
78:24  Warning: Unexpected any. Specify a different type.  @typescript-eslint/no-explicit-any
100:30  Warning: Unexpected any. Specify a different type.  @typescript-eslint/no-explicit-any
147:33  Warning: Unexpected any. Specify a different type.  @typescript-eslint/no-explicit-any
186:23  Warning: Unexpected any. Specify a different type.  @typescript-eslint/no-explicit-any
187:30  Warning: Unexpected any. Specify a different type.  @typescript-eslint/no-explicit-any

./src/hooks/use-spreadsheet-mode.ts
4:32  Warning: 'Supplier' is defined but never used. Allowed unused vars must match /^_/u.  @typescript-eslint/no-unused-vars
34:58  Warning: Unexpected any. Specify a different type.  @typescript-eslint/no-explicit-any

./src/hooks/use-spreadsheet-navigation.ts
72:6  Warning: React Hook useEffect has a missing dependency: 'editableColumns'. Either include it or remove the dependency array.  react-hooks/exhaustive-deps
93:6  Warning: React Hook useCallback has a missing dependency: 'editableColumns'. Either include it or remove the dependency array.  react-hooks/exhaustive-deps
116:6  Warning: React Hook useCallback has a missing dependency: 'editableColumns'. Either include it or remove the dependency array.  react-hooks/exhaustive-deps

./src/hooks/use-suppliers.ts
32:22  Warning: Unexpected any. Specify a different type.  @typescript-eslint/no-explicit-any

./src/lib/utils/business.ts
178:9  Warning: 'leadTimeDays' is assigned a value but never used. Allowed unused vars must match /^_/u.  @typescript-eslint/no-unused-vars

./src/providers/toast-provider.tsx
107:6  Warning: React Hook useCallback has a missing dependency: 'hideToast'. Either include it or remove the dependency array.  react-hooks/exhaustive-deps

info  - Need to disable some ESLint rules? Learn more here: https://nextjs.org/docs/app/api-reference/config/eslint#disabling-rules
   Collecting page data ...
   Generating static pages (0/22) ...
   Generating static pages (5/22) 
   Generating static pages (10/22) 
   Generating static pages (16/22) 
 Γ£ô Generating static pages (22/22)
   Finalizing page optimization ...
   Collecting build traces ...

Route (app)                                 Size  First Load JS
Γöî Γùï /                                    8.84 kB         165 kB
Γö£ Γùï /_not-found                            991 B         101 kB
Γö£ Γùï /batches                               140 B         100 kB
Γö£ Γùï /data                                1.03 kB         126 kB
Γö£ Γùï /debug                                 140 B         100 kB
Γö£ Γùï /import-export                         939 B         126 kB
Γö£ Γùï /items                               15.5 kB         158 kB
Γö£ Γùï /playground                          4.33 kB         104 kB
Γö£ Γùï /prototype                           1.18 kB         101 kB
Γö£ Γùï /purchases                           3.73 kB         112 kB
Γö£ Γùï /recipes                               140 B         100 kB
Γö£ Γùï /reports                               140 B         100 kB
Γö£ Γùï /sales                                 140 B         100 kB
Γö£ ╞Æ /search                                161 B         104 kB
Γö£ Γùï /suppliers                           18.9 kB         188 kB
Γö£ Γùï /suppliers2                          8.57 kB         144 kB
Γö£ Γùï /suppliers3                           6.4 kB         160 kB
Γö£ Γùï /test-connection                     1.04 kB         138 kB
Γö£ Γùï /test-data                            6.6 kB         151 kB
Γöö Γùï /toasts                              6.17 kB         114 kB
+ First Load JS shared by all             100 kB
  Γö£ chunks/58-aa62a7f183251f88.js          44 kB
  Γö£ chunks/ea8892a1-86408d2c4f4529b5.js  54.1 kB
  Γöö other shared chunks (total)             2 kB


Γùï  (Static)   prerendered as static content
╞Æ  (Dynamic)  server-rendered on demand

